// Jest Snapshot v1, https://goo.gl/fbAQLP

exports[`Home page matches snapshot 1`] = `
<DocumentFragment>
  <div
    class="container m-auto p-4"
  >
    <main
      class="grid justify-center gap-2"
    >
      <h1
        class="text-center text-2xl"
      >
        Welcome to 
        <a
          class="text-blue-500"
          href="https://nextjs.org"
        >
          Next.js!
        </a>
      </h1>
      <p
        class="text-center"
      >
        Get started by editing 
        <code>
          pages/index.tsx
        </code>
      </p>
      <div
        class="grid justify-center"
      >
        <button
          class="border rounded p-1"
        >
          Test Button
        </button>
      </div>
      <div
        class="grid grid-cols-2 gap-2"
      >
        <a
          class="border rounded p-2 hover:text-blue-500 hover:border-blue-500"
          href="https://nextjs.org/docs"
        >
          <h3>
            Documentation →
          </h3>
          <p>
            Find in-depth information about Next.js features and API.
          </p>
        </a>
        <a
          class="border rounded p-2 hover:text-blue-500 hover:border-blue-500"
          href="https://nextjs.org/learn"
        >
          <h3>
            Learn →
          </h3>
          <p>
            Learn about Next.js in an interactive course with quizzes!
          </p>
        </a>
        <a
          class="border rounded p-2 hover:text-blue-500 hover:border-blue-500"
          href="https://github.com/vercel/next.js/tree/master/examples"
        >
          <h3>
            Examples →
          </h3>
          <p>
            Discover and deploy boilerplate example Next.js projects.
          </p>
        </a>
        <a
          class="border rounded p-2 hover:text-blue-500 hover:border-blue-500"
          href="https://vercel.com/new?utm_source=create-next-app&utm_medium=default-template&utm_campaign=create-next-app"
        >
          <h3>
            Deploy →
          </h3>
          <p>
            Instantly deploy your Next.js site to a public URL with Vercel.
          </p>
        </a>
      </div>
    </main>
    <footer
      class="flex justify-center"
    >
      <a
        href="https://vercel.com?utm_source=create-next-app&utm_medium=default-template&utm_campaign=create-next-app"
        rel="noopener noreferrer"
        target="_blank"
      >
        Powered by 
        <img
          alt="Vercel Logo"
          class="inline-block h-4"
          src="/vercel.svg"
        />
      </a>
    </footer>
  </div>
</DocumentFragment>
`;
